ASxxxx Linker V03.00 + NoICE + sdld,  page 1.
Hexadecimal  [32-Bits]

Area                                    Addr        Size        Decimal Bytes (Attributes)
--------------------------------        ----        ----        ------- ----- ------------
CABS                                00000000    00000000 =           0. bytes (ABS,CON,CODE)

      Value  Global                              Global Defined In Module
      -----  --------------------------------   ------------------------
C:   00000000  l_CABS                          
C:   00000000  l_CODEIVT                       
C:   00000000  l_GSINIT                        
C:   00000000  l_HOME                          
C:   00000000  l_IABS                          
C:   00000000  l_XABS                          
C:   00000000  l_XINIT                         
C:   00000000  l_XISEG                         
C:   00000000  l__CODE                         
C:   00000000  s_CABS                          
C:   00000000  s_CODEIVT                       
C:   00000000  s_CODEIVT0                      
C:   00000000  s_IABS                          
C:   00000000  s_XABS                          
C:   00000000  s__CODE                         
C:   00000002  l_CODEIVT0                      
C:   00000003  l_GSFINAL                       
C:   00000006  l_OSEG                          
C:   0000000E  l_DSEG                          
C:   0000001E  l_GSINIT0                       
C:   00000038  l_XSEG                          
C:   0000004F  l_CONST                         
C:   00000080  s_DSEG                          
C:   0000008E  s_OSEG                          
C:   00000094  s_XSEG                          
C:   000000CC  s_XISEG                         
C:   00000AD1  l_CSEG                          
C:   0000DC00  s_GSINIT0                       
C:   0000DC00  s_HOME                          
C:   0000DC1E  s_GSFINAL                       
C:   0000DC1E  s_GSINIT                        
C:   0000DC21  s_CSEG                          
C:   0000E6F2  s_CONST                         
C:   0000E6F2  s_XINIT                         

ASxxxx Linker V03.00 + NoICE + sdld,  page 2.
Hexadecimal  [32-Bits]

Area                                    Addr        Size        Decimal Bytes (Attributes)
--------------------------------        ----        ----        ------- ----- ------------
CODEIVT0                            00000000    00000002 =           2. bytes (ABS,CON)

      Value  Global                              Global Defined In Module
      -----  --------------------------------   ------------------------
ASxxxx Linker V03.00 + NoICE + sdld,  page 3.
Hexadecimal  [32-Bits]

Area                                    Addr        Size        Decimal Bytes (Attributes)
--------------------------------        ----        ----        ------- ----- ------------
.  .ABS.                            00000000    00000000 =           0. bytes (ABS,CON)

      Value  Global                              Global Defined In Module
      -----  --------------------------------   ------------------------
     00000000  .__.ABS.                           _strlen
     00000000  _PTA                               hello_world
     00000004  _DDRA                              hello_world
     0000001F  _CONFIG                            hello_world

ASxxxx Linker V03.00 + NoICE + sdld,  page 4.
Hexadecimal  [32-Bits]

Area                                    Addr        Size        Decimal Bytes (Attributes)
--------------------------------        ----        ----        ------- ----- ------------
GSINIT0                             0000DC00    0000001E =          30. bytes (REL,CON,CODE)

      Value  Global                              Global Defined In Module
      -----  --------------------------------   ------------------------
ASxxxx Linker V03.00 + NoICE + sdld,  page 5.
Hexadecimal  [32-Bits]

Area                                    Addr        Size        Decimal Bytes (Attributes)
--------------------------------        ----        ----        ------- ----- ------------
GSFINAL                             0000DC1E    00000003 =           3. bytes (REL,CON,CODE)

      Value  Global                              Global Defined In Module
      -----  --------------------------------   ------------------------
ASxxxx Linker V03.00 + NoICE + sdld,  page 6.
Hexadecimal  [32-Bits]

Area                                    Addr        Size        Decimal Bytes (Attributes)
--------------------------------        ----        ----        ------- ----- ------------
CSEG                                0000DC21    00000AD1 =        2769. bytes (REL,CON,CODE)

      Value  Global                              Global Defined In Module
      -----  --------------------------------   ------------------------
C:   0000DC26  _putchar                           hello_world
C:   0000DC2C  _main                              hello_world
C:   0000DCB7  _tfp_printf                        printf
C:   0000DF84  __sdcc_external_startup            _startup
C:   0000DF89  _vprintf                           vprintf
C:   0000DFA9  _printf                            vprintf
C:   0000E080  __print_format                     printf_large
C:   0000E6D4  _strlen                            _strlen

ASxxxx Linker V03.00 + NoICE + sdld,  page 7.
Hexadecimal  [32-Bits]

Area                                    Addr        Size        Decimal Bytes (Attributes)
--------------------------------        ----        ----        ------- ----- ------------
CONST                               0000E6F2    0000004F =          79. bytes (REL,CON,CODE)

      Value  Global                              Global Defined In Module
      -----  --------------------------------   ------------------------
ASxxxx Linker V03.00 + NoICE + sdld,  page 8.
Hexadecimal  [32-Bits]

Area                                    Addr        Size        Decimal Bytes (Attributes)
--------------------------------        ----        ----        ------- ----- ------------
DSEG                                00000080    0000000E =          14. bytes (REL,CON,PAG)

      Value  Global                              Global Defined In Module
      -----  --------------------------------   ------------------------
ASxxxx Linker V03.00 + NoICE + sdld,  page 9.
Hexadecimal  [32-Bits]

Area                                    Addr        Size        Decimal Bytes (Attributes)
--------------------------------        ----        ----        ------- ----- ------------
OSEG                                0000008E    00000006 =           6. bytes (REL,OVR,PAG)

      Value  Global                              Global Defined In Module
      -----  --------------------------------   ------------------------
ASxxxx Linker V03.00 + NoICE + sdld,  page 10.
Hexadecimal  [32-Bits]

Area                                    Addr        Size        Decimal Bytes (Attributes)
--------------------------------        ----        ----        ------- ----- ------------
XSEG                                00000094    00000038 =          56. bytes (REL,CON)

      Value  Global                              Global Defined In Module
      -----  --------------------------------   ------------------------
     000000A6  _vprintf_PARM_2                    vprintf
     000000B5  __print_format_PARM_2              printf_large
     000000B7  __print_format_PARM_3              printf_large
     000000B9  __print_format_PARM_4              printf_large

ASxxxx Linker V03.00 + NoICE + sdld,  page 11.

Files Linked                              [ module(s) ]

hello_world.rel                           [ hello_world ]
printf.rel                                [ printf ]


Libraries Linked                          [ object file ]

C:\Program Files\SDCC\bin\..\lib\hc08/hc08.lib
                                          [ _startup.rel ]
C:\Program Files\SDCC\bin\..\lib\hc08/hc08.lib
                                          [ vprintf.rel ]
C:\Program Files\SDCC\bin\..\lib\hc08/hc08.lib
                                          [ printf_large.rel ]
C:\Program Files\SDCC\bin\..\lib\hc08/hc08.lib
                                          [ _strlen.rel ]

ASxxxx Linker V03.00 + NoICE + sdld,  page 12.

User Base Address Definitions

HOME = 0xdc00
DSEG = 0x0080

